JVM info: Ubuntu - 21.0.11-ea - 21.0.11-ea+8-Ubuntu-1
java.net.preferIPv4Stack=true
Current Time: 24/04/2026 02:58:54
Host: maven.neoforged.net [79.127.206.208, 79.127.206.235, 152.233.11.105]
Host: libraries.minecraft.net [13.107.246.40, 13.107.213.40]
Host: launchermeta.mojang.com [13.107.246.40, 13.107.213.40]
Host: piston-meta.mojang.com [13.107.213.40, 13.107.246.40]
Host: sessionserver.mojang.com [13.107.213.40, 13.107.246.40]
Found java version 21.0.11-ea
Target Directory: .
Following redirect: https://neoforged.net/mirrorlist.json
Considering Minecraft server jar
Downloading libraries
Found 0 additional library directories
Considering library net.neoforged.fancymodloader:earlydisplay:11.0.12
File ./libraries/net/neoforged/fancymodloader/earlydisplay/11.0.12/earlydisplay-11.0.12.jar exists. Checksum valid.
Considering library net.neoforged.fancymodloader:loader:11.0.12
File ./libraries/net/neoforged/fancymodloader/loader/11.0.12/loader-11.0.12.jar exists. Checksum valid.
Considering library net.neoforged:accesstransformers:11.0.2
File ./libraries/net/neoforged/accesstransformers/11.0.2/accesstransformers-11.0.2.jar exists. Checksum valid.
Considering library org.ow2.asm:asm-commons:9.9.1
File ./libraries/org/ow2/asm/asm-commons/9.9.1/asm-commons-9.9.1.jar exists. Checksum valid.
Considering library net.neoforged:mergetool:2.0.7:api
File ./libraries/net/neoforged/mergetool/2.0.7/mergetool-2.0.7-api.jar exists. Checksum valid.
Considering library org.ow2.asm:asm-util:9.9.1
File ./libraries/org/ow2/asm/asm-util/9.9.1/asm-util-9.9.1.jar exists. Checksum valid.
Considering library org.ow2.asm:asm-analysis:9.9.1
File ./libraries/org/ow2/asm/asm-analysis/9.9.1/asm-analysis-9.9.1.jar exists. Checksum valid.
Considering library org.ow2.asm:asm-tree:9.9.1
File ./libraries/org/ow2/asm/asm-tree/9.9.1/asm-tree-9.9.1.jar exists. Checksum valid.
Considering library net.neoforged:bus:8.0.5
File ./libraries/net/neoforged/bus/8.0.5/bus-8.0.5.jar exists. Checksum valid.
Considering library org.ow2.asm:asm:9.9.1
File ./libraries/org/ow2/asm/asm/9.9.1/asm-9.9.1.jar exists. Checksum valid.
Considering library com.electronwill.night-config:toml:3.8.3
File ./libraries/com/electronwill/night-config/toml/3.8.3/toml-3.8.3.jar exists. Checksum valid.
Considering library com.electronwill.night-config:core:3.8.3
File ./libraries/com/electronwill/night-config/core/3.8.3/core-3.8.3.jar exists. Checksum valid.
Considering library net.neoforged:JarJarSelector:0.5.0
File ./libraries/net/neoforged/JarJarSelector/0.5.0/JarJarSelector-0.5.0.jar exists. Checksum valid.
Considering library net.neoforged:JarJarMetadata:0.5.0
File ./libraries/net/neoforged/JarJarMetadata/0.5.0/JarJarMetadata-0.5.0.jar exists. Checksum valid.
Considering library org.apache.maven:maven-artifact:3.9.9
File ./libraries/org/apache/maven/maven-artifact/3.9.9/maven-artifact-3.9.9.jar exists. Checksum valid.
Considering library net.jodah:typetools:0.6.3
File ./libraries/net/jodah/typetools/0.6.3/typetools-0.6.3.jar exists. Checksum valid.
Considering library net.minecrell:terminalconsoleappender:1.3.0
File ./libraries/net/minecrell/terminalconsoleappender/1.3.0/terminalconsoleappender-1.3.0.jar exists. Checksum valid.
Considering library net.fabricmc:sponge-mixin:0.17.3+mixin.0.8.7
File ./libraries/net/fabricmc/sponge-mixin/0.17.3+mixin.0.8.7/sponge-mixin-0.17.3+mixin.0.8.7.jar exists. Checksum valid.
Considering library net.neoforged.accesstransformers:at-parser:11.0.2
File ./libraries/net/neoforged/accesstransformers/at-parser/11.0.2/at-parser-11.0.2.jar exists. Checksum valid.
Considering library org.jline:jline-reader:3.20.0
File ./libraries/org/jline/jline-reader/3.20.0/jline-reader-3.20.0.jar exists. Checksum valid.
Considering library org.jline:jline-terminal:3.20.0
File ./libraries/org/jline/jline-terminal/3.20.0/jline-terminal-3.20.0.jar exists. Checksum valid.
Considering library net.neoforged:srgutils:1.0.10
File ./libraries/net/neoforged/srgutils/1.0.10/srgutils-1.0.10.jar exists. Checksum valid.
Considering library com.google.guava:listenablefuture:9999.0-empty-to-avoid-conflict-with-guava
File ./libraries/com/google/guava/listenablefuture/9999.0-empty-to-avoid-conflict-with-guava/listenablefuture-9999.0-empty-to-avoid-conflict-with-guava.jar exists. Checksum valid.
Considering library com.google.errorprone:error_prone_annotations:2.41.0
File ./libraries/com/google/errorprone/error_prone_annotations/2.41.0/error_prone_annotations-2.41.0.jar exists. Checksum valid.
Considering library com.google.j2objc:j2objc-annotations:3.1
File ./libraries/com/google/j2objc/j2objc-annotations/3.1/j2objc-annotations-3.1.jar exists. Checksum valid.
Considering library org.codehaus.plexus:plexus-utils:3.5.1
File ./libraries/org/codehaus/plexus/plexus-utils/3.5.1/plexus-utils-3.5.1.jar exists. Checksum valid.
Considering library net.neoforged.fancymodloader:earlydisplay:11.0.12
File ./libraries/net/neoforged/fancymodloader/earlydisplay/11.0.12/earlydisplay-11.0.12.jar exists. Checksum valid.
Considering library net.neoforged.fancymodloader:loader:11.0.12
File ./libraries/net/neoforged/fancymodloader/loader/11.0.12/loader-11.0.12.jar exists. Checksum valid.
Considering library net.neoforged:accesstransformers:11.0.2
File ./libraries/net/neoforged/accesstransformers/11.0.2/accesstransformers-11.0.2.jar exists. Checksum valid.
Considering library org.ow2.asm:asm-commons:9.9.1
File ./libraries/org/ow2/asm/asm-commons/9.9.1/asm-commons-9.9.1.jar exists. Checksum valid.
Considering library net.neoforged:mergetool:2.0.7:api
File ./libraries/net/neoforged/mergetool/2.0.7/mergetool-2.0.7-api.jar exists. Checksum valid.
Considering library org.ow2.asm:asm-util:9.9.1
File ./libraries/org/ow2/asm/asm-util/9.9.1/asm-util-9.9.1.jar exists. Checksum valid.
Considering library org.ow2.asm:asm-analysis:9.9.1
File ./libraries/org/ow2/asm/asm-analysis/9.9.1/asm-analysis-9.9.1.jar exists. Checksum valid.
Considering library org.ow2.asm:asm-tree:9.9.1
File ./libraries/org/ow2/asm/asm-tree/9.9.1/asm-tree-9.9.1.jar exists. Checksum valid.
Considering library net.neoforged:bus:8.0.5
File ./libraries/net/neoforged/bus/8.0.5/bus-8.0.5.jar exists. Checksum valid.
Considering library org.ow2.asm:asm:9.9.1
File ./libraries/org/ow2/asm/asm/9.9.1/asm-9.9.1.jar exists. Checksum valid.
Considering library com.electronwill.night-config:toml:3.8.3
File ./libraries/com/electronwill/night-config/toml/3.8.3/toml-3.8.3.jar exists. Checksum valid.
Considering library com.electronwill.night-config:core:3.8.3
File ./libraries/com/electronwill/night-config/core/3.8.3/core-3.8.3.jar exists. Checksum valid.
Considering library net.neoforged:JarJarSelector:0.5.0
File ./libraries/net/neoforged/JarJarSelector/0.5.0/JarJarSelector-0.5.0.jar exists. Checksum valid.
Considering library net.neoforged:JarJarMetadata:0.5.0
File ./libraries/net/neoforged/JarJarMetadata/0.5.0/JarJarMetadata-0.5.0.jar exists. Checksum valid.
Considering library org.apache.maven:maven-artifact:3.9.9
File ./libraries/org/apache/maven/maven-artifact/3.9.9/maven-artifact-3.9.9.jar exists. Checksum valid.
Considering library net.jodah:typetools:0.6.3
File ./libraries/net/jodah/typetools/0.6.3/typetools-0.6.3.jar exists. Checksum valid.
Considering library net.minecrell:terminalconsoleappender:1.3.0
File ./libraries/net/minecrell/terminalconsoleappender/1.3.0/terminalconsoleappender-1.3.0.jar exists. Checksum valid.
Considering library net.fabricmc:sponge-mixin:0.17.3+mixin.0.8.7
File ./libraries/net/fabricmc/sponge-mixin/0.17.3+mixin.0.8.7/sponge-mixin-0.17.3+mixin.0.8.7.jar exists. Checksum valid.
Considering library net.neoforged.accesstransformers:at-parser:11.0.2
File ./libraries/net/neoforged/accesstransformers/at-parser/11.0.2/at-parser-11.0.2.jar exists. Checksum valid.
Considering library org.jline:jline-reader:3.20.0
File ./libraries/org/jline/jline-reader/3.20.0/jline-reader-3.20.0.jar exists. Checksum valid.
Considering library org.jline:jline-terminal:3.20.0
File ./libraries/org/jline/jline-terminal/3.20.0/jline-terminal-3.20.0.jar exists. Checksum valid.
Considering library org.lwjgl:lwjgl-tinyfd:3.4.1
File ./libraries/org/lwjgl/lwjgl-tinyfd/3.4.1/lwjgl-tinyfd-3.4.1.jar exists. Checksum valid.
Considering library org.lwjgl:lwjgl:3.4.1
File ./libraries/org/lwjgl/lwjgl/3.4.1/lwjgl-3.4.1.jar exists. Checksum valid.
Considering library net.neoforged:srgutils:1.0.10
File ./libraries/net/neoforged/srgutils/1.0.10/srgutils-1.0.10.jar exists. Checksum valid.
Considering library com.google.guava:listenablefuture:9999.0-empty-to-avoid-conflict-with-guava
File ./libraries/com/google/guava/listenablefuture/9999.0-empty-to-avoid-conflict-with-guava/listenablefuture-9999.0-empty-to-avoid-conflict-with-guava.jar exists. Checksum valid.
Considering library com.google.errorprone:error_prone_annotations:2.41.0
File ./libraries/com/google/errorprone/error_prone_annotations/2.41.0/error_prone_annotations-2.41.0.jar exists. Checksum valid.
Considering library com.google.j2objc:j2objc-annotations:3.1
File ./libraries/com/google/j2objc/j2objc-annotations/3.1/j2objc-annotations-3.1.jar exists. Checksum valid.
Considering library org.codehaus.plexus:plexus-utils:3.5.1
File ./libraries/org/codehaus/plexus/plexus-utils/3.5.1/plexus-utils-3.5.1.jar exists. Checksum valid.
Considering library net.neoforged.installertools:installertools:4.0.12:fatjar
File ./libraries/net/neoforged/installertools/installertools/4.0.12/installertools-4.0.12-fatjar.jar exists. Checksum valid.
Considering library net.neoforged:neoforge:26.1.2.22-beta:universal
File ./libraries/net/neoforged/neoforge/26.1.2.22-beta/neoforge-26.1.2.22-beta-universal.jar exists. Checksum valid.
Created Temporary Directory: /tmp/neoforge_installer16225891593964033337
  Extracting: /data/client.lzma
Building Processors
===============================================================================
Processor: net.neoforged.installertools:installertools -> EXTRACT_FILES
  MainClass: net.neoforged.installertools.ConsoleTool
  Classpath:
    /home/host/neorunner/./libraries/net/neoforged/installertools/installertools/4.0.12/installertools-4.0.12-fatjar.jar
    /home/host/neorunner/./libraries/net/neoforged/installertools/installertools/4.0.12/installertools-4.0.12-fatjar.jar
  Args: --task, EXTRACT_FILES, --archive, /home/host/neorunner/neoforge-26.1.2.22-beta-installer.jar, --from, data/run.sh, --to, /home/host/neorunner/./run.sh, --exec, /home/host/neorunner/./run.sh, --from, data/run.bat, --to, /home/host/neorunner/./run.bat, --from, data/user_jvm_args.txt, --to, /home/host/neorunner/./user_jvm_args.txt, --optional, /home/host/neorunner/./user_jvm_args.txt, --from, data/win_args.txt, --to, /home/host/neorunner/./libraries/net/neoforged/neoforge/26.1.2.22-beta/win_args.txt, --from, data/unix_args.txt, --to, /home/host/neorunner/./libraries/net/neoforged/neoforge/26.1.2.22-beta/unix_args.txt
Task: EXTRACT_FILES
Archive: /home/host/neorunner/neoforge-26.1.2.22-beta-installer.jar
Extract: data/run.sh
         /home/host/neorunner/./run.sh
Extract: data/run.bat
         /home/host/neorunner/./run.bat
Extract: data/user_jvm_args.txt
         /home/host/neorunner/./user_jvm_args.txt
Extract: data/win_args.txt
         /home/host/neorunner/./libraries/net/neoforged/neoforge/26.1.2.22-beta/win_args.txt
Extract: data/unix_args.txt
         /home/host/neorunner/./libraries/net/neoforged/neoforge/26.1.2.22-beta/unix_args.txt
Exec:    /home/host/neorunner/./run.sh
===============================================================================
Processor: net.neoforged.installertools:installertools -> PROCESS_MINECRAFT_JAR
  MainClass: net.neoforged.installertools.ConsoleTool
  Classpath:
    /home/host/neorunner/./libraries/net/neoforged/installertools/installertools/4.0.12/installertools-4.0.12-fatjar.jar
    /home/host/neorunner/./libraries/net/neoforged/installertools/installertools/4.0.12/installertools-4.0.12-fatjar.jar
  Args: --task, PROCESS_MINECRAFT_JAR, --no-mod-manifest, --input, /home/host/neorunner/./libraries/net/minecraft/server/26.1.2/server-26.1.2.jar, --output, /home/host/neorunner/./libraries/net/neoforged/minecraft-server-patched/26.1.2.22-beta/minecraft-server-patched-26.1.2.22-beta.jar, --extract-libraries-to, /home/host/neorunner/./libraries/, --apply-patches, /tmp/neoforge_installer16225891593964033337/data/client.lzma
Task: PROCESS_MINECRAFT_JAR
load patch bundle [740ms]
load input zip [1595ms]
applying patches [260ms]
write output file [2072ms]
overall work [3938ms]
The server installed successfully
You can delete this installer file now if you wish
