2026-04-24T07:07:06.224991692Z main WARN Advanced terminal features are not available in this environment
[03:07:06] [main/INFO] [ne.ne.fm.st.Entrypoint/]: JVM Uptime at startup: 65ms
[03:07:06] [main/INFO] [ne.ne.fm.lo.FMLLoader/]: Starting FancyModLoader version 11.0.12 (DEDICATED_SERVER in PROD)
[03:07:06] [main/INFO] [ne.ne.fm.lo.FMLLoader/]: Game directory: /home/host/neorunner
[03:07:06] [main/INFO] [ne.ne.fm.lo.EarlyServiceDiscovery/]: Found 2 early service jars (out of 67) in 17ms
[03:07:06] [main/INFO] [ne.ne.fm.lo.FMLLoader/]: Loading FML Early Services:
[03:07:06] [main/INFO] [ne.ne.fm.lo.FMLLoader/]:  - libraries/net/neoforged/fancymodloader/loader/11.0.12/loader-11.0.12.jar
[03:07:06] [main/INFO] [ne.ne.fm.lo.FMLLoader/]:  - libraries/net/neoforged/fancymodloader/earlydisplay/11.0.12/earlydisplay-11.0.12.jar
[03:07:06] [main/INFO] [ne.ne.fm.lo.ImmediateWindowHandler/]: Not loading early display in headless mode.
[03:07:06] [main/INFO] [ne.ne.fm.lo.mo.lo.GameLocator/]: Failed to find common Minecraft classes and resources on the classpath. Assuming we're launching production.
[03:07:06] [main/INFO] [ne.ne.fm.lo.mo.lo.JarInJarDependencyLocator/]: Found 2 dependencies adding them to mods collection
[03:07:06] [main/INFO] [ne.ne.fm.lo.mo.ModDiscoverer/]: 
     Mod List:
		Name Version (Mod Id)

		Minecraft 26.1.2 (minecraft)
		NeoForge 26.1.2.22-beta (neoforge)
[03:07:06] [main/INFO] [mixin/]: SpongePowered MIXIN Subsystem Version=0.8.7 Source=file:/home/host/neorunner/libraries/net/fabricmc/sponge-mixin/0.17.3+mixin.0.8.7/sponge-mixin-0.17.3+mixin.0.8.7.jar Service=FML Env=SERVER
[03:07:06] [main/INFO] [ne.ne.fm.lo.FMLLoader/]: Loading FML Plugins:
[03:07:06] [main/INFO] [ne.ne.fm.lo.FMLLoader/]:  - ~libraries/net/neoforged/neoforge/26.1.2.22-beta/neoforge-26.1.2.22-beta-universal.jar > net.neoforged.neoforge-coremods-26.1.2.22-beta.jar
[03:07:06] [main/INFO] [ne.ne.fm.lo.FMLLoader/]: Building game content classloader:
 - minecraft (jar(~libraries/net/neoforged/minecraft-server-patched/26.1.2.22-beta/minecraft-server-patched-26.1.2.22-beta.jar))
 - mixinextras.neoforge (jar(~libraries/net/neoforged/neoforge/26.1.2.22-beta/neoforge-26.1.2.22-beta-universal.jar > mixinextras-neoforge-0.5.4.jar))
 - neoforge (jar(~libraries/net/neoforged/neoforge/26.1.2.22-beta/neoforge-26.1.2.22-beta-universal.jar))
 - net.neoforged.fml.generated (empty(VirtualJar/net.neoforged.fml.generated))
[03:07:06] [main/INFO] [ne.ne.fm.lo.FMLLoader/]: Built game content classloader in 30ms
WARNING: A restricted method in java.lang.System has been called
WARNING: java.lang.System::load has been called by com.sun.jna.Native in an unnamed module (file:/home/host/neorunner/libraries/net/java/dev/jna/jna/5.17.0/jna-5.17.0.jar)
WARNING: Use --enable-native-access=ALL-UNNAMED to avoid a warning for callers in this module
WARNING: Restricted methods will be blocked in a future release unless native access is enabled

[03:07:07] [main/INFO] [MixinExtras|Service/]: Initializing MixinExtras via com.llamalad7.mixinextras.service.MixinExtrasServiceImpl(version=0.5.4).
WARNING: A terminally deprecated method in sun.misc.Unsafe has been called
WARNING: sun.misc.Unsafe::objectFieldOffset has been called by org.joml.MemUtil$MemUtilUnsafe (file:/home/host/neorunner/libraries/org/joml/joml/1.10.8/joml-1.10.8.jar)
WARNING: Please consider reporting this to the maintainers of class org.joml.MemUtil$MemUtilUnsafe
WARNING: sun.misc.Unsafe::objectFieldOffset will be removed in a future release
[03:07:13] [modloading-worker-0/INFO] [ne.ne.ne.co.NeoForgeMod/NEOFORGE-MOD]: NeoForge mod loading, version 26.1.2.22-beta, for MC 26.1.2
[03:07:13] [main/INFO] [mojang/YggdrasilAuthenticationService]: Environment: Environment[sessionHost=https://sessionserver.mojang.com, servicesHost=https://api.minecraftservices.com, profilesHost=https://api.mojang.com, name=PROD]
[03:07:15] [main/INFO] [minecraft/RecipeManager]: Loaded 1515 recipes
[03:07:15] [main/INFO] [minecraft/AdvancementTree]: Loaded 1617 advancements
[03:07:15] [main/INFO] [ne.ne.ne.co.cr.RecipePriorityManager/]: Loaded 0 recipe priority overrides
[03:07:16] [Server thread/INFO] [minecraft/DedicatedServer]: Starting minecraft server version 26.1.2
[03:07:16] [Server thread/INFO] [minecraft/DedicatedServer]: Loading properties
[03:07:16] [Server thread/INFO] [minecraft/DedicatedServer]: Default game type: SURVIVAL
[03:07:16] [Server thread/INFO] [minecraft/MinecraftServer]: Generating keypair
[03:07:16] [Server thread/INFO] [minecraft/DedicatedServer]: Starting Minecraft server on *:1234
2026-04-24T07:07:16.391422341Z Server thread ERROR An exception occurred processing Appender DebugFile
org.apache.logging.log4j.core.appender.AppenderLoggingException: java.lang.NoClassDefFoundError: Could not initialize class io.netty.channel.kqueue.Native
	at org.apache.logging.log4j.core.config.AppenderControl.tryCallAppender(AppenderControl.java:164)
	at org.apache.logging.log4j.core.config.AppenderControl.callAppender0(AppenderControl.java:133)
	at org.apache.logging.log4j.core.config.AppenderControl.callAppenderPreventRecursion(AppenderControl.java:124)
	at org.apache.logging.log4j.core.config.AppenderControl.callAppender(AppenderControl.java:88)
	at org.apache.logging.log4j.core.config.LoggerConfig.callAppenders(LoggerConfig.java:711)
	at org.apache.logging.log4j.core.config.LoggerConfig.processLogEvent(LoggerConfig.java:669)
	at org.apache.logging.log4j.core.config.LoggerConfig.log(LoggerConfig.java:645)
	at org.apache.logging.log4j.core.config.LoggerConfig.log(LoggerConfig.java:554)
	at org.apache.logging.log4j.core.config.AwaitCompletionReliabilityStrategy.log(AwaitCompletionReliabilityStrategy.java:67)
	at org.apache.logging.log4j.core.Logger.logMessage(Logger.java:173)
	at org.apache.logging.slf4j.Log4jLogger.log(Log4jLogger.java:374)
	at io.netty.util.internal.logging.LocationAwareSlf4JLogger.log(LocationAwareSlf4JLogger.java:46)
	at io.netty.util.internal.logging.LocationAwareSlf4JLogger.debug(LocationAwareSlf4JLogger.java:129)
	at io.netty.channel.kqueue.KQueue.<clinit>(KQueue.java:54)
	at TRANSFORMER/minecraft@26.1.2/net.minecraft.server.network.EventLoopGroupHolder.remote(EventLoopGroupHolder.java:59)
	at TRANSFORMER/minecraft@26.1.2/net.minecraft.server.network.ServerConnectionListener.startTcpServerListener(ServerConnectionListener.java:57)
	at TRANSFORMER/minecraft@26.1.2/net.minecraft.server.dedicated.DedicatedServer.initServer(DedicatedServer.java:261)
	at TRANSFORMER/minecraft@26.1.2/net.minecraft.server.MinecraftServer.runServer(MinecraftServer.java:735)
	at TRANSFORMER/minecraft@26.1.2/net.minecraft.server.MinecraftServer.lambda$spin$0(MinecraftServer.java:300)
	at java.base/java.lang.Thread.run(Thread.java:1474)
Caused by: java.lang.NoClassDefFoundError: Could not initialize class io.netty.channel.kqueue.Native
	at java.base/java.lang.Class.forName0(Native Method)
	at java.base/java.lang.Class.forName(Class.java:547)
	at org.apache.logging.log4j.util.LoaderUtil.loadClass(LoaderUtil.java:212)
	at org.apache.logging.log4j.core.pattern.ThrowableExtendedStackTraceRenderer.lambda$static$1(ThrowableExtendedStackTraceRenderer.java:196)
	at org.apache.logging.log4j.core.pattern.ThrowableExtendedStackTraceRenderer$ExtendedContext.loadClass(ThrowableExtendedStackTraceRenderer.java:180)
	at org.apache.logging.log4j.core.pattern.ThrowableExtendedStackTraceRenderer$ExtendedContext.createClassResourceInfoByName(ThrowableExtendedStackTraceRenderer.java:166)
	at org.apache.logging.log4j.core.pattern.ThrowableExtendedStackTraceRenderer$ExtendedContext.ofThrowable(ThrowableExtendedStackTraceRenderer.java:96)
	at org.apache.logging.log4j.core.pattern.ThrowableExtendedStackTraceRenderer$ExtendedContext.access$000(ThrowableExtendedStackTraceRenderer.java:81)
	at org.apache.logging.log4j.core.pattern.ThrowableExtendedStackTraceRenderer.createContext(ThrowableExtendedStackTraceRenderer.java:43)
	at org.apache.logging.log4j.core.pattern.ThrowableExtendedStackTraceRenderer.createContext(ThrowableExtendedStackTraceRenderer.java:34)
	at org.apache.logging.log4j.core.pattern.ThrowableStackTraceRenderer.renderThrowable(ThrowableStackTraceRenderer.java:55)
	at org.apache.logging.log4j.core.pattern.ThrowablePatternConverter.format(ThrowablePatternConverter.java:130)
	at org.apache.logging.log4j.core.layout.PatternLayout$NoFormatPatternSerializer.toSerializable(PatternLayout.java:354)
	at org.apache.logging.log4j.core.layout.PatternLayout.toText(PatternLayout.java:251)
	at org.apache.logging.log4j.core.layout.PatternLayout.encode(PatternLayout.java:237)
	at org.apache.logging.log4j.core.layout.PatternLayout.encode(PatternLayout.java:57)
	at org.apache.logging.log4j.core.appender.AbstractOutputStreamAppender.directEncodeEvent(AbstractOutputStreamAppender.java:227)
	at org.apache.logging.log4j.core.appender.AbstractOutputStreamAppender.tryAppend(AbstractOutputStreamAppender.java:220)
	at org.apache.logging.log4j.core.appender.AbstractOutputStreamAppender.append(AbstractOutputStreamAppender.java:211)
	at org.apache.logging.log4j.core.appender.RollingRandomAccessFileAppender.append(RollingRandomAccessFileAppender.java:275)
	at org.apache.logging.log4j.core.config.AppenderControl.tryCallAppender(AppenderControl.java:160)
	... 19 more
Caused by: java.lang.ExceptionInInitializerError: Exception java.lang.IllegalStateException: Only supported on OSX/BSD [in thread "Server thread"]
	at io.netty.channel.kqueue.Native.loadNativeLibrary(Native.java:159)
	at io.netty.channel.kqueue.Native.<clinit>(Native.java:76)
	at io.netty.channel.kqueue.KQueue.<clinit>(KQueue.java:38)
	... 6 more

[03:07:16] [Server thread/WARN] [minecraft/DedicatedServer]: **** SERVER IS RUNNING IN OFFLINE/INSECURE MODE!
[03:07:16] [Server thread/WARN] [minecraft/DedicatedServer]: The server will make no attempt to authenticate usernames. Beware.
[03:07:16] [Server thread/WARN] [minecraft/DedicatedServer]: While this makes the game possible to play without internet access, it also opens up the ability for hackers to connect with any username they choose.
[03:07:16] [Server thread/WARN] [minecraft/DedicatedServer]: To change this, set "online-mode" to "true" in the server.properties file.
[03:07:16] [Server thread/INFO] [minecraft/DedicatedServer]: Preparing level "world"
[03:07:17] [Server thread/INFO] [minecraft/LoggingLevelLoadListener]: Loading 0 persistent chunks...
[03:07:17] [Server thread/INFO] [minecraft/LoggingLevelLoadListener]: Preparing spawn area: 100%
[03:07:17] [Server thread/INFO] [minecraft/LoggingLevelLoadListener]: Time elapsed: 12 ms
[03:07:17] [Server thread/INFO] [minecraft/DedicatedServer]: Done (0.558s)! For help, type "help"
[03:07:17] [Server thread/INFO] [minecraft/DedicatedServer]: Starting remote control listener
[03:07:17] [Server thread/INFO] [minecraft/GenericThread]: Thread RCON Listener started
[03:07:17] [Server thread/INFO] [minecraft/RconThread]: RCON running on 0.0.0.0:25575
[03:07:17] [Server thread/INFO] [minecraft/MinecraftServer]: Saving chunks for level 'ServerLevel[world]'/minecraft:overworld
[03:07:17] [Server thread/INFO] [minecraft/MinecraftServer]: Saving chunks for level 'ServerLevel[world]'/minecraft:the_nether
[03:07:17] [Server thread/INFO] [minecraft/MinecraftServer]: Saving chunks for level 'ServerLevel[world]'/minecraft:the_end
[03:07:18] [Server thread/INFO] [minecraft/MinecraftServer]: ThreadedAnvilChunkStorage (world): All chunks are saved
[03:07:18] [Server thread/INFO] [minecraft/MinecraftServer]: ThreadedAnvilChunkStorage (DIM-1): All chunks are saved
[03:07:18] [Server thread/INFO] [minecraft/MinecraftServer]: ThreadedAnvilChunkStorage (DIM1): All chunks are saved
[03:07:18] [Server thread/INFO] [minecraft/MinecraftServer]: ThreadedAnvilChunkStorage: All dimensions are saved
[03:07:18] [Server thread/INFO] [ne.ne.ne.se.pe.PermissionAPI/]: Successfully initialized permission handler neoforge:default_handler
