JVM info: Ubuntu - 21.0.11-ea - 21.0.11-ea+8-Ubuntu-1
java.net.preferIPv4Stack=true
Current Time: 23/04/2026 18:52:48
Host: maven.neoforged.net [79.127.206.234, 152.233.11.105, 79.127.206.207]
Host: libraries.minecraft.net [13.107.213.40, 13.107.246.40]
Host: launchermeta.mojang.com [13.107.213.40, 13.107.246.40]
Host: piston-meta.mojang.com [13.107.246.40, 13.107.213.40]
Host: sessionserver.mojang.com [13.107.246.40, 13.107.213.40]
Found java version 21.0.11-ea
Target Directory: .
Following redirect: https://neoforged.net/mirrorlist.json
Considering Minecraft server jar
Downloading library from https://piston-meta.mojang.com/v1/packages/f78943763f2d0a0d222cff91913626bb0bc47fa9/26.1.2.json
	Download completed: Checksum validated.
Downloading library from https://piston-data.mojang.com/v1/objects/97ccd4c0ed3f81bbb7bfacddd1090b0c56f9bc51/server.jar
	Download completed: Checksum validated.
Downloading libraries
Found 0 additional library directories
Considering library net.neoforged.fancymodloader:earlydisplay:11.0.12
Downloading library from https://maven.neoforged.net/releases/net/neoforged/fancymodloader/earlydisplay/11.0.12/earlydisplay-11.0.12.jar
	Download completed: Checksum validated.
Considering library net.neoforged.fancymodloader:loader:11.0.12
Downloading library from https://maven.neoforged.net/releases/net/neoforged/fancymodloader/loader/11.0.12/loader-11.0.12.jar
	Download completed: Checksum validated.
Considering library net.neoforged:accesstransformers:11.0.2
Downloading library from https://maven.neoforged.net/releases/net/neoforged/accesstransformers/11.0.2/accesstransformers-11.0.2.jar
	Download completed: Checksum validated.
Considering library org.ow2.asm:asm-commons:9.9.1
Downloading library from https://maven.neoforged.net/releases/org/ow2/asm/asm-commons/9.9.1/asm-commons-9.9.1.jar
	Download completed: Checksum validated.
Considering library net.neoforged:mergetool:2.0.7:api
Downloading library from https://maven.neoforged.net/releases/net/neoforged/mergetool/2.0.7/mergetool-2.0.7-api.jar
	Download completed: Checksum validated.
Considering library org.ow2.asm:asm-util:9.9.1
Downloading library from https://maven.neoforged.net/releases/org/ow2/asm/asm-util/9.9.1/asm-util-9.9.1.jar
	Download completed: Checksum validated.
Considering library org.ow2.asm:asm-analysis:9.9.1
Downloading library from https://maven.neoforged.net/releases/org/ow2/asm/asm-analysis/9.9.1/asm-analysis-9.9.1.jar
	Download completed: Checksum validated.
Considering library org.ow2.asm:asm-tree:9.9.1
Downloading library from https://maven.neoforged.net/releases/org/ow2/asm/asm-tree/9.9.1/asm-tree-9.9.1.jar
	Download completed: Checksum validated.
Considering library net.neoforged:bus:8.0.5
Downloading library from https://maven.neoforged.net/releases/net/neoforged/bus/8.0.5/bus-8.0.5.jar
	Download completed: Checksum validated.
Considering library org.ow2.asm:asm:9.9.1
Downloading library from https://maven.neoforged.net/releases/org/ow2/asm/asm/9.9.1/asm-9.9.1.jar
	Download completed: Checksum validated.
Considering library com.electronwill.night-config:toml:3.8.3
Downloading library from https://maven.neoforged.net/releases/com/electronwill/night-config/toml/3.8.3/toml-3.8.3.jar
	Download completed: Checksum validated.
Considering library com.electronwill.night-config:core:3.8.3
Downloading library from https://maven.neoforged.net/releases/com/electronwill/night-config/core/3.8.3/core-3.8.3.jar
	Download completed: Checksum validated.
Considering library net.neoforged:JarJarSelector:0.5.0
Downloading library from https://maven.neoforged.net/releases/net/neoforged/JarJarSelector/0.5.0/JarJarSelector-0.5.0.jar
	Download completed: Checksum validated.
Considering library net.neoforged:JarJarMetadata:0.5.0
Downloading library from https://maven.neoforged.net/releases/net/neoforged/JarJarMetadata/0.5.0/JarJarMetadata-0.5.0.jar
	Download completed: Checksum validated.
Considering library org.apache.maven:maven-artifact:3.9.9
Downloading library from https://maven.neoforged.net/releases/org/apache/maven/maven-artifact/3.9.9/maven-artifact-3.9.9.jar
	Download completed: Checksum validated.
Considering library net.jodah:typetools:0.6.3
Downloading library from https://maven.neoforged.net/releases/net/jodah/typetools/0.6.3/typetools-0.6.3.jar
	Download completed: Checksum validated.
Considering library net.minecrell:terminalconsoleappender:1.3.0
Downloading library from https://maven.neoforged.net/releases/net/minecrell/terminalconsoleappender/1.3.0/terminalconsoleappender-1.3.0.jar
	Download completed: Checksum validated.
Considering library net.fabricmc:sponge-mixin:0.17.3+mixin.0.8.7
Downloading library from https://maven.neoforged.net/releases/net/fabricmc/sponge-mixin/0.17.3+mixin.0.8.7/sponge-mixin-0.17.3+mixin.0.8.7.jar
	Download completed: Checksum validated.
Considering library net.neoforged.accesstransformers:at-parser:11.0.2
Downloading library from https://maven.neoforged.net/releases/net/neoforged/accesstransformers/at-parser/11.0.2/at-parser-11.0.2.jar
	Download completed: Checksum validated.
Considering library org.jline:jline-reader:3.20.0
Downloading library from https://maven.neoforged.net/releases/org/jline/jline-reader/3.20.0/jline-reader-3.20.0.jar
	Download completed: Checksum validated.
Considering library org.jline:jline-terminal:3.20.0
Downloading library from https://maven.neoforged.net/releases/org/jline/jline-terminal/3.20.0/jline-terminal-3.20.0.jar
	Download completed: Checksum validated.
Considering library net.neoforged:srgutils:1.0.10
Downloading library from https://maven.neoforged.net/releases/net/neoforged/srgutils/1.0.10/srgutils-1.0.10.jar
	Download completed: Checksum validated.
Considering library com.google.guava:listenablefuture:9999.0-empty-to-avoid-conflict-with-guava
Downloading library from https://libraries.minecraft.net/com/google/guava/listenablefuture/9999.0-empty-to-avoid-conflict-with-guava/listenablefuture-9999.0-empty-to-avoid-conflict-with-guava.jar
	Download completed: Checksum validated.
Considering library com.google.errorprone:error_prone_annotations:2.41.0
Downloading library from https://libraries.minecraft.net/com/google/errorprone/error_prone_annotations/2.41.0/error_prone_annotations-2.41.0.jar
	Download completed: Checksum validated.
Considering library com.google.j2objc:j2objc-annotations:3.1
Downloading library from https://libraries.minecraft.net/com/google/j2objc/j2objc-annotations/3.1/j2objc-annotations-3.1.jar
	Download completed: Checksum validated.
Considering library org.codehaus.plexus:plexus-utils:3.5.1
Downloading library from https://maven.neoforged.net/releases/org/codehaus/plexus/plexus-utils/3.5.1/plexus-utils-3.5.1.jar
	Download completed: Checksum validated.
Considering library net.neoforged.fancymodloader:earlydisplay:11.0.12
File ./libraries/net/neoforged/fancymodloader/earlydisplay/11.0.12/earlydisplay-11.0.12.jar exists. Checksum valid.
Considering library net.neoforged.fancymodloader:loader:11.0.12
File ./libraries/net/neoforged/fancymodloader/loader/11.0.12/loader-11.0.12.jar exists. Checksum valid.
Considering library net.neoforged:accesstransformers:11.0.2
File ./libraries/net/neoforged/accesstransformers/11.0.2/accesstransformers-11.0.2.jar exists. Checksum valid.
Considering library org.ow2.asm:asm-commons:9.9.1
File ./libraries/org/ow2/asm/asm-commons/9.9.1/asm-commons-9.9.1.jar exists. Checksum valid.
Considering library net.neoforged:mergetool:2.0.7:api
File ./libraries/net/neoforged/mergetool/2.0.7/mergetool-2.0.7-api.jar exists. Checksum valid.
Considering library org.ow2.asm:asm-util:9.9.1
File ./libraries/org/ow2/asm/asm-util/9.9.1/asm-util-9.9.1.jar exists. Checksum valid.
Considering library org.ow2.asm:asm-analysis:9.9.1
File ./libraries/org/ow2/asm/asm-analysis/9.9.1/asm-analysis-9.9.1.jar exists. Checksum valid.
Considering library org.ow2.asm:asm-tree:9.9.1
File ./libraries/org/ow2/asm/asm-tree/9.9.1/asm-tree-9.9.1.jar exists. Checksum valid.
Considering library net.neoforged:bus:8.0.5
File ./libraries/net/neoforged/bus/8.0.5/bus-8.0.5.jar exists. Checksum valid.
Considering library org.ow2.asm:asm:9.9.1
File ./libraries/org/ow2/asm/asm/9.9.1/asm-9.9.1.jar exists. Checksum valid.
Considering library com.electronwill.night-config:toml:3.8.3
File ./libraries/com/electronwill/night-config/toml/3.8.3/toml-3.8.3.jar exists. Checksum valid.
Considering library com.electronwill.night-config:core:3.8.3
File ./libraries/com/electronwill/night-config/core/3.8.3/core-3.8.3.jar exists. Checksum valid.
Considering library net.neoforged:JarJarSelector:0.5.0
File ./libraries/net/neoforged/JarJarSelector/0.5.0/JarJarSelector-0.5.0.jar exists. Checksum valid.
Considering library net.neoforged:JarJarMetadata:0.5.0
File ./libraries/net/neoforged/JarJarMetadata/0.5.0/JarJarMetadata-0.5.0.jar exists. Checksum valid.
Considering library org.apache.maven:maven-artifact:3.9.9
File ./libraries/org/apache/maven/maven-artifact/3.9.9/maven-artifact-3.9.9.jar exists. Checksum valid.
Considering library net.jodah:typetools:0.6.3
File ./libraries/net/jodah/typetools/0.6.3/typetools-0.6.3.jar exists. Checksum valid.
Considering library net.minecrell:terminalconsoleappender:1.3.0
File ./libraries/net/minecrell/terminalconsoleappender/1.3.0/terminalconsoleappender-1.3.0.jar exists. Checksum valid.
Considering library net.fabricmc:sponge-mixin:0.17.3+mixin.0.8.7
File ./libraries/net/fabricmc/sponge-mixin/0.17.3+mixin.0.8.7/sponge-mixin-0.17.3+mixin.0.8.7.jar exists. Checksum valid.
Considering library net.neoforged.accesstransformers:at-parser:11.0.2
File ./libraries/net/neoforged/accesstransformers/at-parser/11.0.2/at-parser-11.0.2.jar exists. Checksum valid.
Considering library org.jline:jline-reader:3.20.0
File ./libraries/org/jline/jline-reader/3.20.0/jline-reader-3.20.0.jar exists. Checksum valid.
Considering library org.jline:jline-terminal:3.20.0
File ./libraries/org/jline/jline-terminal/3.20.0/jline-terminal-3.20.0.jar exists. Checksum valid.
Considering library org.lwjgl:lwjgl-tinyfd:3.4.1
Downloading library from https://libraries.minecraft.net/org/lwjgl/lwjgl-tinyfd/3.4.1/lwjgl-tinyfd-3.4.1.jar
	Download completed: Checksum validated.
Considering library org.lwjgl:lwjgl:3.4.1
Downloading library from https://libraries.minecraft.net/org/lwjgl/lwjgl/3.4.1/lwjgl-3.4.1.jar
	Download completed: Checksum validated.
Considering library net.neoforged:srgutils:1.0.10
File ./libraries/net/neoforged/srgutils/1.0.10/srgutils-1.0.10.jar exists. Checksum valid.
Considering library com.google.guava:listenablefuture:9999.0-empty-to-avoid-conflict-with-guava
File ./libraries/com/google/guava/listenablefuture/9999.0-empty-to-avoid-conflict-with-guava/listenablefuture-9999.0-empty-to-avoid-conflict-with-guava.jar exists. Checksum valid.
Considering library com.google.errorprone:error_prone_annotations:2.41.0
File ./libraries/com/google/errorprone/error_prone_annotations/2.41.0/error_prone_annotations-2.41.0.jar exists. Checksum valid.
Considering library com.google.j2objc:j2objc-annotations:3.1
File ./libraries/com/google/j2objc/j2objc-annotations/3.1/j2objc-annotations-3.1.jar exists. Checksum valid.
Considering library org.codehaus.plexus:plexus-utils:3.5.1
File ./libraries/org/codehaus/plexus/plexus-utils/3.5.1/plexus-utils-3.5.1.jar exists. Checksum valid.
Considering library net.neoforged.installertools:installertools:4.0.12:fatjar
Downloading library from https://maven.neoforged.net/releases/net/neoforged/installertools/installertools/4.0.12/installertools-4.0.12-fatjar.jar
	Download completed: Checksum validated.
Considering library net.neoforged:neoforge:26.1.2.22-beta:universal
Downloaded file locally from jar:/maven/net/neoforged/neoforge/26.1.2.22-beta/neoforge-26.1.2.22-beta-universal.jar, valid checksum.
Created Temporary Directory: /tmp/neoforge_installer12082384133257623534
  Extracting: /data/client.lzma
java.io.IOException: Disk quota exceeded
	at java.base/sun.nio.ch.UnixFileDispatcherImpl.write0(Native Method)
	at java.base/sun.nio.ch.UnixFileDispatcherImpl.write(UnixFileDispatcherImpl.java:65)
	at java.base/sun.nio.ch.IOUtil.writeFromNativeBuffer(IOUtil.java:137)
	at java.base/sun.nio.ch.IOUtil.write(IOUtil.java:102)
	at java.base/sun.nio.ch.IOUtil.write(IOUtil.java:72)
	at java.base/sun.nio.ch.FileChannelImpl.write(FileChannelImpl.java:300)
	at java.base/sun.nio.ch.ChannelOutputStream.writeFully(ChannelOutputStream.java:68)
	at java.base/sun.nio.ch.ChannelOutputStream.write(ChannelOutputStream.java:105)
	at java.base/java.io.InputStream.transferTo(InputStream.java:797)
	at java.base/java.nio.file.Files.copy(Files.java:3164)
	at net.minecraftforge.installer.DownloadUtils.extractFile(DownloadUtils.java:257)
	at net.minecraftforge.installer.actions.PostProcessors.process(PostProcessors.java:94)
	at net.minecraftforge.installer.actions.ServerInstall.run(ServerInstall.java:108)
	at net.minecraftforge.installer.SimpleInstaller.main(SimpleInstaller.java:174)
Failed to extract files from archive: 
  /data/client.lzma
There was an error during installation
